2026-06-21 08:12:31,310 - S:\chrome dounloads\Documents folder created
2026-06-21 08:12:31,311 - 13_Sumit Yadav .pdf moved to Documents
2026-06-21 08:12:31,312 - S:\chrome dounloads\Images folder created
2026-06-21 08:12:31,313 - 13_Sumit Yadav _page-0001.jpg moved to Images
2026-06-21 08:12:31,314 - 6th semester Payment Reciept.pdf moved to Documents
2026-06-21 08:12:31,315 - AccountStatement.pdf moved to Documents
2026-06-21 08:12:31,316 - acknowledgementSlip_S1883721232260.pdf moved to Documents
2026-06-21 08:12:31,317 - Aditi didi OTR.pdf moved to Documents
2026-06-21 08:12:31,318 - Admit Card.pdf moved to Documents
2026-06-21 08:12:31,319 - aktu result.pdf moved to Documents
2026-06-21 08:12:31,320 - AmortizationSchedule.pdf moved to Documents
2026-06-21 08:12:31,321 - Aryan adhar back.jpeg moved to Images
2026-06-21 08:12:31,322 - Aryan adhar front.jpeg moved to Images
2026-06-21 08:12:31,323 - aryan LOR .jpeg moved to Images
2026-06-21 08:12:31,324 - aryan LOR .pdf moved to Documents
2026-06-21 08:12:31,325 - Aryan pic.jpeg moved to Images
2026-06-21 08:12:31,326 - Aryan sign.jpeg moved to Images
2026-06-21 08:12:31,327 - S:\chrome dounloads\Videos folder created
2026-06-21 08:12:31,328 - Avatar.Fire.and.Ash.2025.1080p.WEB-DL.Hindi.Tamil.Telugu.LiNE-English.DDP5.1.ESub.x264-HDHub4u.Ms.mkv moved to Videos
2026-06-21 08:12:31,329 - B.Tech_2nd_Yr_CSE_v3.pdf moved to Documents
2026-06-21 08:12:31,330 - Bagheera.2024.4K-2160p.SDR.NF.WEB-DL.Hindi.DD5.1-Kannada.DDP5.1.ESub.x265-HDHub4u.Tv.mkv moved to Videos
2026-06-21 08:12:31,331 - Brown and Blue Blob Organic Content Creator Freelance Resume.pdf moved to Documents
2026-06-21 08:12:31,332 - caste certificate didi.pdf moved to Documents
2026-06-21 08:12:31,333 - CS26S45024341_AdmitCard.pdf moved to Documents
2026-06-21 08:12:31,334 - CS26S45024369_AdmitCard (1).pdf moved to Documents
2026-06-21 08:12:31,335 - CS26S45024369_AdmitCard.pdf moved to Documents
2026-06-21 08:12:31,336 - Dacoit.-.Ek.Prem.Katha.2026.1080p.AMZN.WEB-DL.Hindi.DDP5.1.H.265.mkv moved to Videos
2026-06-21 08:12:31,337 - Dhurandhar-The.Revenge.2026.1080p.Hindi.DS4K.WEB-DL.5.1.ESub.x264-HDHub4u.Ag.mkv moved to Videos
2026-06-21 08:12:31,338 - didi 10th marksheet.jpeg moved to Images
2026-06-21 08:12:31,339 - didi 10th marksheet.pdf moved to Documents
2026-06-21 08:12:31,340 - didi aiims otr.pdf moved to Documents
2026-06-21 08:12:31,341 - didi caste certificate.pdf moved to Documents
2026-06-21 08:12:31,342 - didi document pic 2.jpeg moved to Images
2026-06-21 08:12:31,343 - didi document pic.jpeg moved to Images
2026-06-21 08:12:31,344 - didi left thumb pic.jpeg moved to Images
2026-06-21 08:12:31,345 - didi sign.jpeg moved to Images
2026-06-21 08:12:31,346 - didi_document_pic_2-removebg-preview.png moved to Images
2026-06-21 08:12:31,347 - Dipti didi caste certificate.pdf moved to Documents
2026-06-21 08:12:31,348 - document.pdf moved to Documents
2026-06-21 08:12:31,349 - S:\chrome dounloads\Others folder created
2026-06-21 08:12:31,350 - DS_Store moved to Others
2026-06-21 08:12:31,350 - EAadhaar_1104209060160320121029131144_20062026215829.pdf moved to Documents
2026-06-21 08:12:31,351 - EITK_5_Hour_Last_Minute_Notes.pdf moved to Documents
2026-06-21 08:12:31,353 - G155B12ApplicationForm (1).pdf moved to Documents
2026-06-21 08:12:31,354 - G155B12ApplicationForm.pdf moved to Documents
2026-06-21 08:12:31,354 - gate exam for payment.pdf moved to Documents
2026-06-21 08:12:31,356 - Gemini_Generated_Image_4s8gev4s8gev4s8g.png moved to Images
2026-06-21 08:12:31,357 - Gemini_Generated_Image_amtc7jamtc7jamtc.png moved to Images
2026-06-21 08:12:31,357 - Gemini_Generated_Image_clf34iclf34iclf3 (1).png moved to Images
2026-06-21 08:12:31,358 - Gemini_Generated_Image_clf34iclf34iclf3.png moved to Images
2026-06-21 08:12:31,360 - Gemini_Generated_Image_e46vsve46vsve46v.png moved to Images
2026-06-21 08:12:31,361 - Git-2.51.0-64-bit.exe moved to Others
2026-06-21 08:12:31,362 - How to Apply Vocational Training Form 2026 Eng.pdf moved to Documents
2026-06-21 08:12:31,363 - ilovepdf_merged (1) (1).pdf moved to Documents
2026-06-21 08:12:31,364 - ilovepdf_merged (1) (2).pdf moved to Documents
2026-06-21 08:12:31,365 - ilovepdf_merged (1) (3).pdf moved to Documents
2026-06-21 08:12:31,366 - ilovepdf_merged (2).pdf moved to Documents
2026-06-21 08:12:31,366 - ilovepdf_merged.pdf moved to Documents
2026-06-21 08:12:31,368 - image (1).png moved to Images
2026-06-21 08:12:31,369 - image.png moved to Images
2026-06-21 08:12:31,370 - in.gov.abc-ABCID-651736860859.pdf moved to Documents
2026-06-21 08:12:31,371 - Install-GooglePlayGames.exe moved to Others
2026-06-21 08:12:31,371 - InternSpark_Offer_Letter.pdf moved to Documents
2026-06-21 08:12:31,372 - Jana.Nayagan.2026.HQ.1080p.WEB-LEAK.Hindi.HQ-Studio.Dub.x264.mkv moved to Videos
2026-06-21 08:12:31,373 - Juhi didi caste certificate.pdf moved to Documents
2026-06-21 08:12:31,374 - Juhi Didi OTR.pdf moved to Documents
2026-06-21 08:12:31,375 - Karuppu.2026.720p.DS4K.WEB-DL.Hindi.5.1-Tamil.5.1.ESub.x264-HDHub4u.Ms.mkv moved to Videos
2026-06-21 08:12:31,376 - Khushbu_Yadav_Medical_Reports.pdf moved to Documents
2026-06-21 08:12:31,377 - LIC loan payment 1.pdf moved to Documents
2026-06-21 08:12:31,378 - LIC loan payment.pdf moved to Documents
2026-06-21 08:12:31,379 - LIC payment.pdf moved to Documents
2026-06-21 08:12:31,380 - medical_reports_of_khushbu yadav (2).pdf moved to Documents
2026-06-21 08:12:31,381 - medical_reports_of_khushbu yadav.pdf moved to Documents
2026-06-21 08:12:31,382 - naman adhar.jpeg moved to Images
2026-06-21 08:12:31,383 - Naman LOr.jpeg moved to Images
2026-06-21 08:12:31,383 - naman pic.jpeg moved to Images
2026-06-21 08:12:31,384 - naman result.pdf moved to Documents
2026-06-21 08:12:31,385 - naman sign.jpeg moved to Images
2026-06-21 08:12:31,386 - NamanLOR.jpeg moved to Images
2026-06-21 08:12:31,387 - NamanLOR.pdf moved to Documents
2026-06-21 08:12:31,388 - namanpic.jpeg moved to Images
2026-06-21 08:12:31,389 - namansign.jpeg moved to Images
2026-06-21 08:12:31,391 - node-v22.20.0-x64.msi moved to Others
2026-06-21 08:12:31,392 - noise buds.pdf moved to Documents
2026-06-21 08:12:31,392 - Patriot 2026  www.10xflix.com Hindi ORG Dual Audio South Movie  1080p HDRip x264  ESubs.mkv moved to Videos
2026-06-21 08:12:31,393 - Patriot.2026.720p.DS4K.WEB-DL.Hindi.5.1-Malayalam.5.1.ESub.x264-HDHub4u.Ms.mkv moved to Videos
2026-06-21 08:12:31,395 - pdf.pdf moved to Documents
2026-06-21 08:12:31,396 - photo-collage.pn.jpeg moved to Images
2026-06-21 08:12:31,397 - photo-collage.png.png moved to Images
2026-06-21 08:12:31,398 - Receipt pay_Sg9YG7lEUafYGS from AVERIXIS SOLUTIONS PRIVATE LIMITED (Paid).pdf.pdf moved to Documents
2026-06-21 08:12:31,398 - Sanjeev LOR.jpeg moved to Images
2026-06-21 08:12:31,399 - SanjeevLOR.jpeg moved to Images
2026-06-21 08:12:31,400 - SanjeevLOR.pdf moved to Documents
2026-06-21 08:12:31,402 - Screenshot 2026-06-11 202253 (1).png moved to Images
2026-06-21 08:12:31,403 - Screenshot 2026-06-11 202253.png moved to Images
2026-06-21 08:12:31,403 - Shelter.2026.720p.BluRay.Hindi.2.0-English.5.1.ESub.x264-HDHub4u.Ms.mkv moved to Videos
2026-06-21 08:12:31,404 - Sniper.No.Nation.2026.1080p.WEB-DL.Hindi.5.1-English.5.1.ESub.x264.mkv moved to Videos
2026-06-21 08:12:31,405 - Spider-Man.Homecoming.2017.1080p.BluRay.Hindi.English.DD5.1.x264.ESubs..mkv moved to Videos
2026-06-21 08:12:31,406 - Spider-Man.N.W.H.2021.1080p.EXT.WEB-DL.Hindi.5.1-English.5.1.ESub.x264-HDHub4u.Tv.mkv moved to Videos
2026-06-21 08:12:31,407 - Spider.Man.3.2007.480p.BluRay.Hindi.English.DD.2.0.x264.ESubs.mkv moved to Videos
2026-06-21 08:12:31,408 - sumit 10,12,b.tech result.pdf moved to Documents
2026-06-21 08:12:31,409 - sumit admit card 6the sem.pdf moved to Documents
2026-06-21 08:12:31,410 - sumit jee mains result 2023.jpeg moved to Images
2026-06-21 08:12:31,410 - sumit LOR.jpeg moved to Images
2026-06-21 08:12:31,412 - sumit marketing certificate.pdf moved to Documents
2026-06-21 08:12:31,412 - sumit marketing certificate_page-0001.jpg moved to Images
2026-06-21 08:12:31,413 - Sumit ticket.pdf moved to Documents
2026-06-21 08:12:31,414 - sumit yadav 10th marksheet.jpeg moved to Images
2026-06-21 08:12:31,416 - sumit yadav 10th marksheet.pdf moved to Documents
2026-06-21 08:12:31,416 - sumit yadav 12th marksheet.jpeg moved to Images
2026-06-21 08:12:31,417 - sumit yadav AKTU result 2026.pdf moved to Documents
2026-06-21 08:12:31,418 - sumitadhar.pdf moved to Documents
2026-06-21 08:12:31,419 - sumit_resized.jpg moved to Images
2026-06-21 08:12:31,420 - sumit_signature_resized.jpg moved to Images
2026-06-21 08:12:31,421 - Sumit_Yadav_Resume.pdf moved to Documents
2026-06-21 08:12:31,422 - summer internship.pdf moved to Documents
2026-06-21 08:12:31,423 - Swapped.2026.1080p.10bit.WEB-DL.HIN-ENG.x265.mkv moved to Videos
2026-06-21 08:12:31,425 - The-Future-of-Remote-Collaboration-in-Niche-Industry (1).pptx moved to Others
2026-06-21 08:12:31,426 - The-Future-of-Remote-Collaboration-in-Niche-Industry.pdf moved to Documents
2026-06-21 08:12:31,427 - The-Future-of-Remote-Collaboration-in-Niche-Industry.pptx moved to Others
2026-06-21 08:12:31,427 - The.Amazing.Spider.Man.2.2014.1080p.BluRay.Hindi.English.DD.5.1.x264.ESubs.mkv moved to Videos
2026-06-21 08:12:31,428 - ticket (1).pdf moved to Documents
2026-06-21 08:12:31,430 - ticket.pdf moved to Documents
2026-06-21 08:12:31,431 - WhatsApp Image 2026-04-09 at 8.26.40 AM.pdf moved to Documents
